<?xml version="1.0" encoding="utf-8"?>
<testsuites>
<testsuite package="org.eslint" time="0" tests="1" errors="0" name="D:\React\portfolio\src\App.js">
<testcase time="0" name="D:\React\portfolio\src\App.js" classname="D:\React\portfolio\src\App" />
</testsuite>
<testsuite package="org.eslint" time="0" tests="1" errors="0" name="D:\React\portfolio\src\Components\Content.js">
<testcase time="0" name="D:\React\portfolio\src\Components\Content.js" classname="D:\React\portfolio\src\Components\Content" />
</testsuite>
<testsuite package="org.eslint" time="0" tests="1" errors="0" name="D:\React\portfolio\src\Components\Left.js">
<testcase time="0" name="D:\React\portfolio\src\Components\Left.js" classname="D:\React\portfolio\src\Components\Left" />
</testsuite>
<testsuite package="org.eslint" time="0" tests="1" errors="0" name="D:\React\portfolio\src\Components\Navbar.js">
<testcase time="0" name="D:\React\portfolio\src\Components\Navbar.js" classname="D:\React\portfolio\src\Components\Navbar" />
</testsuite>
<testsuite package="org.eslint" time="0" tests="1" errors="0" name="D:\React\portfolio\src\Components\Right.js">
<testcase time="0" name="D:\React\portfolio\src\Components\Right.js" classname="D:\React\portfolio\src\Components\Right" />
</testsuite>
<testsuite package="org.eslint" time="0" tests="1" errors="0" name="D:\React\portfolio\src\Content\About.js">
<testcase time="0" name="D:\React\portfolio\src\Content\About.js" classname="D:\React\portfolio\src\Content\About" />
</testsuite>
<testsuite package="org.eslint" time="0" tests="1" errors="0" name="D:\React\portfolio\src\Content\Contact.js">
<testcase time="0" name="D:\React\portfolio\src\Content\Contact.js" classname="D:\React\portfolio\src\Content\Contact" />
</testsuite>
<testsuite package="org.eslint" time="0" tests="1" errors="0" name="D:\React\portfolio\src\Content\Experience.js">
<testcase time="0" name="D:\React\portfolio\src\Content\Experience.js" classname="D:\React\portfolio\src\Content\Experience" />
</testsuite>
<testsuite package="org.eslint" time="0" tests="1" errors="0" name="D:\React\portfolio\src\Content\FirstPage.js">
<testcase time="0" name="D:\React\portfolio\src\Content\FirstPage.js" classname="D:\React\portfolio\src\Content\FirstPage" />
</testsuite>
<testsuite package="org.eslint" time="0" tests="1" errors="0" name="D:\React\portfolio\src\Content\Work.js">
<testcase time="0" name="D:\React\portfolio\src\Content\Work.js" classname="D:\React\portfolio\src\Content\Work" />
</testsuite>
<testsuite package="org.eslint" time="0" tests="1" errors="0" name="D:\React\portfolio\src\Logo\Logo.jsx">
<testcase time="0" name="D:\React\portfolio\src\Logo\Logo.jsx" classname="D:\React\portfolio\src\Logo\Logo" />
</testsuite>
<testsuite package="org.eslint" time="0" tests="1" errors="0" name="D:\React\portfolio\src\Portfolio\Portfolio.js">
<testcase time="0" name="D:\React\portfolio\src\Portfolio\Portfolio.js" classname="D:\React\portfolio\src\Portfolio\Portfolio" />
</testsuite>
<testsuite package="org.eslint" time="0" tests="1" errors="0" name="D:\React\portfolio\src\index.js">
<testcase time="0" name="D:\React\portfolio\src\index.js" classname="D:\React\portfolio\src\index" />
</testsuite>
</testsuites>
